{
  "data" : {
    "model" : {
      "service" : {
        "tokenRequestMethod" : "POST",
        "clientAuthMechanism" : "HTTP_BASIC_AUTH"
      },
      "appType" : "PUBLIC",
      "publicApp" : { },
      "confidentialApp" : { },
      "usernamePassword" : { },
      "scopes" : {
        "scopes" : [ ]
      }
    }
  },
  "schema" : {
    "type" : "object",
    "properties" : {
      "model" : {
        "type" : "object",
        "properties" : {
          "appType" : {
            "oneOf" : [ {
              "const" : "PUBLIC",
              "title" : "Public"
            }, {
              "const" : "CONFIDENTIAL",
              "title" : "Confidential"
            } ],
            "title" : "Type",
            "description" : "Whether a public or confidential application flow should be used.\nA confidential application requires a secret.\n",
            "default" : "PUBLIC"
          },
          "confidentialApp" : {
            "type" : "object",
            "properties" : {
              "flowVariable" : {
                "type" : "string",
                "title" : "ID and Secret (flow variable)",
                "description" : "Specifies the credentials flow variable with the client/app ID and secret to use."
              }
            },
            "default" : { }
          },
          "publicApp" : {
            "type" : "object",
            "properties" : {
              "appId" : {
                "type" : "string",
                "title" : "ID",
                "description" : "The client/application ID. In some services this is called API key."
              }
            },
            "default" : { }
          },
          "scopes" : {
            "type" : "object",
            "properties" : {
              "scopes" : {
                "title" : "Scopes",
                "description" : "The list of scopes to request for the access token.",
                "default" : [ ],
                "configKeys" : [ "scopes" ],
                "type" : "array",
                "items" : {
                  "type" : "object",
                  "properties" : {
                    "scope" : {
                      "type" : "string"
                    }
                  },
                  "configKeys" : [ "scopes" ]
                }
              }
            },
            "default" : {
              "scopes" : [ ]
            }
          },
          "service" : {
            "type" : "object",
            "properties" : {
              "clientAuthMechanism" : {
                "oneOf" : [ {
                  "const" : "HTTP_BASIC_AUTH",
                  "title" : "HTTP Basic Auth"
                }, {
                  "const" : "REQUEST_BODY",
                  "title" : "Request Body"
                } ],
                "title" : "Client/App authentication method",
                "description" : "How to transfer Client/App ID and secret to the service endpoints. HTTP Basic Auth is the\nmost common mechanism, but some services expect these values to be part of the form-encoded\nrequest body.\n",
                "default" : "HTTP_BASIC_AUTH"
              },
              "tokenRequestMethod" : {
                "oneOf" : [ {
                  "const" : "POST",
                  "title" : "POST"
                }, {
                  "const" : "GET",
                  "title" : "GET"
                } ],
                "title" : "Token endpoint request method",
                "description" : "HTTP method to use when requesting the access token from the token endpoint.",
                "default" : "POST"
              },
              "tokenUrl" : {
                "type" : "string",
                "title" : "Token endpoint URL",
                "description" : "The token endpoint URL of the OAuth2 service."
              }
            },
            "default" : {
              "tokenRequestMethod" : "POST",
              "clientAuthMechanism" : "HTTP_BASIC_AUTH"
            }
          },
          "usernamePassword" : {
            "type" : "object",
            "properties" : {
              "flowVariable" : {
                "type" : "string",
                "title" : "Username/Password (flow variable)",
                "description" : "Specifies the credentials flow variable with the username and password to use."
              }
            },
            "default" : { }
          }
        }
      }
    }
  },
  "ui_schema" : {
    "elements" : [ {
      "label" : "Endpoints configuration",
      "type" : "Section",
      "elements" : [ {
        "type" : "Control",
        "scope" : "#/properties/model/properties/service/properties/tokenUrl"
      }, {
        "type" : "Control",
        "scope" : "#/properties/model/properties/service/properties/tokenRequestMethod",
        "options" : {
          "isAdvanced" : true,
          "format" : "valueSwitch"
        }
      }, {
        "type" : "Control",
        "scope" : "#/properties/model/properties/service/properties/clientAuthMechanism",
        "options" : {
          "isAdvanced" : true,
          "format" : "valueSwitch"
        }
      } ]
    }, {
      "label" : "Client/Application configuration",
      "type" : "Section",
      "elements" : [ {
        "type" : "Control",
        "scope" : "#/properties/model/properties/appType",
        "options" : {
          "format" : "valueSwitch"
        }
      }, {
        "type" : "Control",
        "scope" : "#/properties/model/properties/publicApp/properties/appId",
        "rule" : {
          "effect" : "SHOW",
          "condition" : {
            "scope" : "#/properties/model/properties/appType",
            "schema" : {
              "oneOf" : [ {
                "const" : "PUBLIC"
              } ]
            }
          }
        }
      }, {
        "type" : "Control",
        "scope" : "#/properties/model/properties/confidentialApp/properties/flowVariable",
        "options" : {
          "possibleValues" : [ ],
          "format" : "dropDown",
          "showNoneColumn" : false,
          "showRowKeys" : false,
          "showSearch" : true,
          "showMode" : true
        },
        "rule" : {
          "effect" : "HIDE",
          "condition" : {
            "scope" : "#/properties/model/properties/appType",
            "schema" : {
              "oneOf" : [ {
                "const" : "PUBLIC"
              } ]
            }
          }
        }
      } ]
    }, {
      "label" : "Username and Password",
      "type" : "Section",
      "elements" : [ {
        "type" : "Control",
        "scope" : "#/properties/model/properties/usernamePassword/properties/flowVariable",
        "options" : {
          "possibleValues" : [ ],
          "format" : "dropDown",
          "showNoneColumn" : false,
          "showRowKeys" : false,
          "showSearch" : true,
          "showMode" : true
        }
      } ]
    }, {
      "label" : "Scopes of access",
      "type" : "Section",
      "elements" : [ {
        "type" : "Control",
        "scope" : "#/properties/model/properties/scopes/properties/scopes",
        "options" : {
          "detail" : [ {
            "type" : "Control",
            "scope" : "#/properties/scope"
          } ],
          "addButtonText" : "Add scope"
        }
      } ]
    } ]
  }
}