{
  "data" : {
    "model" : {
      "service" : {
        "tokenRequestMethod" : "POST",
        "clientAuthMechanism" : "HTTP_BASIC_AUTH"
      },
      "app" : { },
      "scopes" : {
        "scopes" : [ ]
      },
      "additionalRequestFields" : [ ]
    }
  },
  "schema" : {
    "type" : "object",
    "properties" : {
      "model" : {
        "type" : "object",
        "properties" : {
          "additionalRequestFields" : {
            "title" : "Additional request fields",
            "description" : "Allows to add request body fields (key and value) to the token endpoint request.",
            "default" : [ ],
            "type" : "array",
            "items" : {
              "type" : "object",
              "properties" : {
                "name" : {
                  "type" : "string",
                  "title" : "Field name",
                  "description" : "Name of the additional request body field."
                },
                "value" : {
                  "type" : "string",
                  "title" : "Field value",
                  "description" : "Value of the additional request body field."
                }
              }
            }
          },
          "app" : {
            "type" : "object",
            "properties" : {
              "flowVariable" : {
                "type" : "string",
                "title" : "Client/App ID and secret (flow variable)",
                "description" : "Specifies the credentials flow variable with the client/app ID and secret to use."
              }
            },
            "default" : { }
          },
          "scopes" : {
            "type" : "object",
            "properties" : {
              "scopes" : {
                "title" : "Scopes",
                "description" : "The list of scopes to request for the access token.",
                "default" : [ ],
                "configKeys" : [ "scopes" ],
                "type" : "array",
                "items" : {
                  "type" : "object",
                  "properties" : {
                    "scope" : {
                      "type" : "string"
                    }
                  },
                  "configKeys" : [ "scopes" ]
                }
              }
            },
            "default" : {
              "scopes" : [ ]
            }
          },
          "service" : {
            "type" : "object",
            "properties" : {
              "clientAuthMechanism" : {
                "oneOf" : [ {
                  "const" : "HTTP_BASIC_AUTH",
                  "title" : "HTTP Basic Auth"
                }, {
                  "const" : "REQUEST_BODY",
                  "title" : "Request Body"
                } ],
                "title" : "Client/App authentication mechanism",
                "description" : "How to transfer Client/App ID and secret to the service endpoints. HTTP Basic Auth is the\nmost common mechanism, but some services expect these values to be part of the form-encoded\nrequest body.\n",
                "default" : "HTTP_BASIC_AUTH"
              },
              "tokenRequestMethod" : {
                "oneOf" : [ {
                  "const" : "POST",
                  "title" : "POST"
                }, {
                  "const" : "GET",
                  "title" : "GET"
                } ],
                "title" : "Token endpoint request method",
                "description" : "HTTP method to use when requesting the access token from the token endpoint.",
                "default" : "POST"
              },
              "tokenUrl" : {
                "type" : "string",
                "title" : "Token endpoint URL",
                "description" : "The token endpoint URL of the OAuth2 service."
              }
            },
            "default" : {
              "tokenRequestMethod" : "POST",
              "clientAuthMechanism" : "HTTP_BASIC_AUTH"
            }
          }
        }
      }
    }
  },
  "ui_schema" : {
    "elements" : [ {
      "label" : "OAuth2 Service",
      "type" : "Section",
      "elements" : [ {
        "type" : "Control",
        "scope" : "#/properties/model/properties/service/properties/tokenUrl",
        "rule" : {
          "effect" : "HIDE",
          "condition" : {
            "schema" : {
              "not" : { }
            }
          }
        }
      }, {
        "type" : "Control",
        "scope" : "#/properties/model/properties/service/properties/tokenRequestMethod",
        "options" : {
          "isAdvanced" : true,
          "format" : "valueSwitch"
        },
        "rule" : {
          "effect" : "HIDE",
          "condition" : {
            "schema" : {
              "not" : { }
            }
          }
        }
      }, {
        "type" : "Control",
        "scope" : "#/properties/model/properties/service/properties/clientAuthMechanism",
        "options" : {
          "isAdvanced" : true,
          "format" : "valueSwitch"
        },
        "rule" : {
          "effect" : "HIDE",
          "condition" : {
            "schema" : {
              "not" : { }
            }
          }
        }
      } ]
    }, {
      "label" : "Client/Application",
      "type" : "Section",
      "elements" : [ {
        "type" : "Control",
        "scope" : "#/properties/model/properties/app/properties/flowVariable",
        "options" : {
          "possibleValues" : [ ],
          "format" : "dropDown",
          "showNoneColumn" : false,
          "showRowKeys" : false,
          "showSearch" : true,
          "showMode" : true
        },
        "rule" : {
          "effect" : "HIDE",
          "condition" : {
            "schema" : {
              "not" : { }
            }
          }
        }
      } ]
    }, {
      "label" : "Scopes",
      "type" : "Section",
      "elements" : [ {
        "type" : "Control",
        "scope" : "#/properties/model/properties/scopes/properties/scopes",
        "options" : {
          "detail" : [ {
            "type" : "Control",
            "scope" : "#/properties/scope"
          } ],
          "addButtonText" : "Add scope"
        }
      } ]
    }, {
      "label" : "Additional request fields",
      "type" : "Section",
      "options" : {
        "isAdvanced" : true
      },
      "elements" : [ {
        "type" : "Control",
        "scope" : "#/properties/model/properties/additionalRequestFields",
        "options" : {
          "isAdvanced" : true,
          "detail" : [ {
            "type" : "HorizontalLayout",
            "elements" : [ {
              "type" : "Control",
              "scope" : "#/properties/name"
            }, {
              "type" : "Control",
              "scope" : "#/properties/value"
            } ]
          } ],
          "addButtonText" : "Add request field"
        }
      } ]
    } ]
  }
}